
Running Gradle task 'assembleRelease'...                           29.0s
flutter : Gradle build failed to produce an .apk file. It's likely that this 
file was generated under E:\cursor apps\Price ur Plastic\build, but the tool 
couldn't find it.
At line:1 char:39
+ ... rsor apps\Price ur Plastic'; flutter build apk --release 2>&1 | Tee-O ...
+                                  ~~~~~~~~~~~~~~~~~~~~~~~~~~~~~~~~
    + CategoryInfo          : NotSpecified: (Gradle build fa...uldn't find it. 
   :String) [], RemoteException
    + FullyQualifiedErrorId : NativeCommandError
 
